Msg 207, Level 16, State 1, Line 266
Invalid column name 'TYPE'.
Msg 207, Level 16, State 1, Line 266
Invalid column name 'WARRANTY_DURATION'.
Msg 207, Level 16, State 1, Line 266
Invalid column name 'DISCOUNT'.
Msg 207, Level 16, State 1, Line 266
Invalid column name 'DESCRIPTION'.
Msg 207, Level 16, State 1, Line 266
Invalid column name 'NOTE'.
Msg 207, Level 16, State 1, Line 266
Invalid column name 'IS_LICENSE_KEY'.
Msg 207, Level 16, State 1, Line 266
Invalid column name 'IS_AVAILABLE'.
Msg 207, Level 16, State 1, Line 266
Invalid column name 'TYPE'.
Msg 207, Level 16, State 1, Line 266
Invalid column name 'WARRANTY_DURATION'.
Msg 207, Level 16, State 1, Line 266
Invalid column name 'DISCOUNT'.
Msg 207, Level 16, State 1, Line 266
Invalid column name 'DESCRIPTION'.
Msg 207, Level 16, State 1, Line 266
Invalid column name 'NOTE'.
Msg 207, Level 16, State 1, Line 266
Invalid column name 'IS_LICENSE_KEY'.
Msg 207, Level 16, State 1, Line 266
Invalid column name 'IS_AVAILABLE'.

Completion time: 2025-04-19T13:18:10.5931648+07:00
